// Vitest Snapshot v1, https://vitest.dev/guide/snapshot.html

exports[`visual snapshot: today route initial state 1`] = `
<div
  class="space-y-4"
>
  <div
    class="flex items-baseline justify-between gap-2"
  >
    <h1
      class="ui-title-page"
    >
      Today
    </h1>
    <p
      class="ui-meta text-zinc-400"
    >
      Tue, Mar 17
    </p>
  </div>
  <div
    class="main-card main-card--module main-card--accent spacing-grid spacing-grid--tight"
  >
    <button
      class="inline-flex items-center justify-center rounded-md text-sm font-medium transition-[transform,opacity] duration-150 ease-out hover:-translate-y-[1px] active:translate-y-px focus-visible:outline-none focus-visible:ring-1 focus-visible:ring-[var(--ui-edge-active)] disabled:pointer-events-none disabled:opacity-50 border border-[var(--ui-edge-active)] bg-[var(--ui-accent-active)] text-white shadow-[var(--ui-depth-shadow-2)] hover:bg-[rgba(220,38,38,0.25)] hover:shadow-[var(--ui-glow-active),var(--ui-depth-shadow-3)] h-10 px-4 py-2 min-h-[44px] w-full"
    >
      <span
        class="inline-flex items-center gap-2"
      >
        <svg
          aria-hidden="true"
          class="ui-icon ui-icon--action"
          fill="none"
          stroke="currentColor"
          stroke-linecap="round"
          stroke-linejoin="round"
          stroke-width="1.9"
          viewBox="0 0 24 24"
        >
          <path
            d="M4 10h3l2-3 6 10 2-3h3"
          />
        </svg>
        Load today's workout
      </span>
    </button>
  </div>
  <div
    class="main-card main-card--shell space-y-2 ui-body-sm"
  >
    <p>
      No workout loaded
    </p>
  </div>
</div>
`;

exports[`visual snapshot: week route 1`] = `
<div
  class="space-y-4"
>
  <h1
    class="ui-title-page"
  >
    Week Plan
  </h1>
  <div
    class="grid grid-cols-1 gap-3 md:grid-cols-2"
  >
    <div
      class="main-card main-card--shell"
    >
      <p
        class="telemetry-kicker"
      >
        Generator
      </p>
      <p
        class="telemetry-status"
      >
        <span
          class="status-dot status-dot--green"
        />
         Ready
      </p>
    </div>
    <div
      class="main-card main-card--module main-card--accent"
    >
      <p
        class="telemetry-kicker"
      >
        Program Source
      </p>
      <p
        class="telemetry-value"
      >
        Auto-select
      </p>
    </div>
  </div>
  <div
    class="main-card main-card--module"
  >
    <div
      class="spacing-grid spacing-grid--tight"
    >
      <p
        class="telemetry-kicker"
      >
        Generation Controls
      </p>
      <label
        class="ui-meta"
        for="week-program"
      >
        Program override (optional)
      </label>
      <select
        aria-describedby="week-program-desc"
        aria-label="Week program override selector"
        class="ui-select"
        id="week-program"
      >
        <option
          value=""
        >
          Server-selected — trainer's recommended program
        </option>
        <option
          value="pure_bodybuilding_phase_1_full_body"
        >
          Pure Bodybuilding - Phase 1 Full Body
        </option>
      </select>
      <p
        class="text-xs text-zinc-500"
        id="week-program-desc"
      >
        Select a program to override the server selection for this generated week.
      </p>
      <button
        aria-label="Generate week plan"
        class="inline-flex items-center justify-center rounded-md text-sm font-medium transition-[transform,opacity] duration-150 ease-out hover:-translate-y-[1px] active:translate-y-px focus-visible:outline-none focus-visible:ring-1 focus-visible:ring-[var(--ui-edge-active)] disabled:pointer-events-none disabled:opacity-50 border border-[var(--ui-edge-active)] bg-[var(--ui-accent-active)] text-white shadow-[var(--ui-depth-shadow-2)] hover:bg-[rgba(220,38,38,0.25)] hover:shadow-[var(--ui-glow-active),var(--ui-depth-shadow-3)] h-10 px-4 py-2 w-full"
      >
        <span
          class="inline-flex items-center gap-2"
        >
          <svg
            aria-hidden="true"
            class="ui-icon ui-icon--action"
            fill="none"
            stroke="currentColor"
            stroke-linecap="round"
            stroke-linejoin="round"
            stroke-width="1.9"
            viewBox="0 0 24 24"
          >
            <rect
              height="15"
              rx="2"
              width="16"
              x="4"
              y="5"
            />
            <path
              d="M8 3v4M16 3v4M7 11h10M7 15h6"
            />
          </svg>
          Generate Week
        </span>
      </button>
    </div>
  </div>
  <div
    class="main-card main-card--shell spacing-grid spacing-grid--tight"
  >
    <p
      class="telemetry-kicker"
    >
      Planner Status
    </p>
    <p
      class="text-sm text-zinc-200"
    >
      Generate a weekly plan.
    </p>
    <button
      class="inline-flex items-center justify-center rounded-md text-sm font-medium transition-[transform,opacity] duration-150 ease-out hover:-translate-y-[1px] active:translate-y-px focus-visible:outline-none focus-visible:ring-1 focus-visible:ring-[var(--ui-edge-active)] disabled:pointer-events-none disabled:opacity-50 border border-[var(--ui-edge-active)] bg-[var(--ui-accent-active)] text-white shadow-[var(--ui-depth-shadow-2)] hover:bg-[rgba(220,38,38,0.25)] hover:shadow-[var(--ui-glow-active),var(--ui-depth-shadow-3)] h-10 px-4 py-2 w-full"
    >
      <span
        class="inline-flex items-center gap-2"
      >
        <svg
          aria-hidden="true"
          class="ui-icon ui-icon--action"
          fill="none"
          stroke="currentColor"
          stroke-linecap="round"
          stroke-linejoin="round"
          stroke-width="1.9"
          viewBox="0 0 24 24"
        >
          <rect
            height="15"
            rx="2"
            width="16"
            x="4"
            y="5"
          />
          <path
            d="M8 3v4M16 3v4M7 11h10M7 15h6"
          />
        </svg>
        Generate First Week Now
      </span>
    </button>
  </div>
</div>
`;
