// Vitest Snapshot v1, https://vitest.dev/guide/snapshot.html

exports[`visual snapshot: today route initial state 1`] = `
<div
  class="space-y-4 pb-[max(7rem,env(safe-area-inset-bottom))]"
>
  <div
    class="flex items-baseline justify-between gap-2"
  >
    <h1
      class="ui-title-page"
    >
      Today
    </h1>
    <p
      class="ui-meta text-zinc-400"
    >
      Tue, Mar 17 · browser local date
    </p>
  </div>
  <div
    class="main-card main-card--module main-card--accent spacing-grid spacing-grid--tight"
  >
    <button
      class="inline-flex items-center justify-center rounded-md text-sm font-medium transition-[transform,opacity] duration-150 ease-out hover:-translate-y-[1px] active:translate-y-px focus-visible:outline-none focus-visible:ring-1 focus-visible:ring-[var(--ui-edge-active)] disabled:pointer-events-none disabled:opacity-50 border border-[var(--ui-edge-active)] bg-[var(--ui-accent-active)] text-white shadow-[var(--ui-depth-shadow-2)] hover:bg-[rgba(220,38,38,0.25)] hover:shadow-[var(--ui-glow-active),var(--ui-depth-shadow-3)] h-10 px-4 py-2 min-h-[44px] w-full"
    >
      <span
        class="inline-flex items-center gap-2"
      >
        <svg
          aria-hidden="true"
          class="ui-icon ui-icon--action"
          fill="none"
          stroke="currentColor"
          stroke-linecap="round"
          stroke-linejoin="round"
          stroke-width="1.9"
          viewBox="0 0 24 24"
        >
          <path
            d="M4 10h3l2-3 6 10 2-3h3"
          />
        </svg>
        Load today's workout
      </span>
    </button>
  </div>
  <div
    class="main-card main-card--shell space-y-2 ui-body-sm"
    role="status"
  >
    <p>
      No workout loaded
    </p>
  </div>
</div>
`;

exports[`visual snapshot: week route 1`] = `
<div
  class="space-y-4"
>
  <h1
    class="ui-title-page"
  >
    Week Plan
  </h1>
  <section
    aria-label="Current week scheduling"
    class="rounded-lg border border-zinc-800 bg-zinc-900/40 p-4 space-y-3"
  >
    <label
      class="block space-y-2 text-sm"
      for="scheduling-timezone"
    >
      <span>
        Scheduling timezone
      </span>
      <input
        class="ui-input w-full min-h-[44px]"
        id="scheduling-timezone"
        placeholder="America/New_York"
        value="America/New_York"
      />
    </label>
    <p
      class="text-xs text-zinc-400"
    >
      Confirm this IANA timezone when activating your dates. Dates use your local Monday–Sunday week.
    </p>
    <fieldset>
      <legend
        class="mb-2 text-sm"
      >
        Current week: Mon, Mar 9 · Today: Tue, Mar 10
      </legend>
      <div
        class="grid grid-cols-1 gap-2 sm:grid-cols-2"
      >
        <label
          class="flex min-h-[48px] items-center gap-3 rounded-md border border-zinc-700 px-3 py-2 text-sm"
        >
          <input
            class="h-5 w-5"
            type="checkbox"
          />
          <span>
            Mon, Mar 9
          </span>
        </label>
        <label
          class="flex min-h-[48px] items-center gap-3 rounded-md border border-zinc-700 px-3 py-2 text-sm"
        >
          <input
            class="h-5 w-5"
            type="checkbox"
          />
          <span>
            Tue, Mar 10
          </span>
        </label>
        <label
          class="flex min-h-[48px] items-center gap-3 rounded-md border border-zinc-700 px-3 py-2 text-sm"
        >
          <input
            class="h-5 w-5"
            type="checkbox"
          />
          <span>
            Wed, Mar 11
          </span>
        </label>
        <label
          class="flex min-h-[48px] items-center gap-3 rounded-md border border-zinc-700 px-3 py-2 text-sm"
        >
          <input
            class="h-5 w-5"
            type="checkbox"
          />
          <span>
            Thu, Mar 12
          </span>
        </label>
        <label
          class="flex min-h-[48px] items-center gap-3 rounded-md border border-zinc-700 px-3 py-2 text-sm"
        >
          <input
            class="h-5 w-5"
            type="checkbox"
          />
          <span>
            Fri, Mar 13
          </span>
        </label>
        <label
          class="flex min-h-[48px] items-center gap-3 rounded-md border border-zinc-700 px-3 py-2 text-sm"
        >
          <input
            class="h-5 w-5"
            type="checkbox"
          />
          <span>
            Sat, Mar 14
          </span>
        </label>
        <label
          class="flex min-h-[48px] items-center gap-3 rounded-md border border-zinc-700 px-3 py-2 text-sm"
        >
          <input
            class="h-5 w-5"
            type="checkbox"
          />
          <span>
            Sun, Mar 15
          </span>
        </label>
      </div>
    </fieldset>
    <p
      aria-live="polite"
      class="text-sm"
    >
      0
       of 2–5 dates selected
    </p>
    <button
      aria-label="Preview selected dates"
      class="inline-flex items-center justify-center rounded-md text-sm font-medium transition-[transform,opacity] duration-150 ease-out hover:-translate-y-[1px] active:translate-y-px focus-visible:outline-none focus-visible:ring-1 focus-visible:ring-[var(--ui-edge-active)] disabled:pointer-events-none disabled:opacity-50 border border-[var(--ui-edge-active)] bg-[var(--ui-accent-active)] text-white shadow-[var(--ui-depth-shadow-2)] hover:bg-[rgba(220,38,38,0.25)] hover:shadow-[var(--ui-glow-active),var(--ui-depth-shadow-3)] h-10 px-4 py-2 w-full min-h-[48px]"
      disabled=""
    >
      Preview selected dates
    </button>
  </section>
  <div
    class="rounded-lg border border-zinc-800 bg-zinc-900/40 overflow-hidden"
  >
    <button
      aria-expanded="false"
      class="flex min-h-[44px] w-full items-center justify-between gap-2 px-3 py-2.5 text-left text-sm font-medium text-zinc-200 transition-colors hover:bg-zinc-800/50"
      type="button"
    >
      <span
        class="flex items-center gap-2"
      >
        Program Override
        <span
          class="rounded-full bg-zinc-800 px-2 py-0.5 text-[10px] font-normal text-zinc-400"
        >
          auto
        </span>
      </span>
      <svg
        class="h-4 w-4 flex-shrink-0 text-zinc-500 transition-transform duration-150 "
        fill="none"
        stroke="currentColor"
        stroke-linecap="round"
        stroke-linejoin="round"
        stroke-width="2"
        viewBox="0 0 24 24"
      >
        <path
          d="m6 9 6 6 6-6"
        />
      </svg>
    </button>
  </div>
  <div
    class="rounded-lg border border-zinc-800 bg-zinc-900/40 px-4 py-3"
    role="status"
  >
    <p
      class="text-sm text-zinc-200"
    >
      Choose 2–5 dates, then preview your week.
    </p>
  </div>
</div>
`;
